пабсолютнонекалорийный: [positive]
авторский: [positive]
адекватный: [positive]
аккуратненький: [positive]
аккуратный: [positive]
актуальный: [positive]
аппетитный: [positive]
апппппппетитный: [positive]
ароматичный: [positive]
ароматный: [positive]
аутентичный: [positive]
бархатистый: [positive]
безграничный: [positive]
безобидный: [positive]
безопасный: [positive]
безошибочный: [positive]
безукоризненный: [positive]
безупречный: [positive]
безымянный: [positive]
бесподобный: [positive]
благодарный: [positive]
благодатный: [positive]
благодушный: [positive]
благожелательный: [positive]
благой: [positive]
благостный: [positive]
благотворный: [positive]
блаженный: [positive]
блестящий: [positive]
богатый: [positive]
богемный: [positive]
бодрый: [positive]
бодрящий: [positive]
большой: [positive]
бочковый: [positive]
брендованный: [positive]
вдохновенный: [positive]
веганский: [positive]
вегетарианский: [positive]
ведущий: [positive]
великий: [positive]
великолепный: [positive]
верный: [positive]
веселенький: [positive]
весенний: [positive]
веский: [positive]
вечерний: [positive]
взыскательный: [positive]
видный: [positive]
визуальный: [positive]
вкусненный: [positive]
вкусненький: [positive]
вкусный: [positive]
вкуснющий: [positive]
вкусовой: [positive]
влажный: [positive]
влюбленный: [positive]
вменяемый: [positive]
вниманительный: [positive]
внушительный: [positive]
внятный: [positive]
возвышенный: [positive]
воздушный: [positive]
волнующий: [positive]
волшебный: [positive]
восторженный: [positive]
восхитительный: [positive]
всякий: [positive]
выдержанный: [positive]
выразительный: [positive]
высокий: [positive]
высокопрофессиональный: [positive]
высокоуровневый: [positive]
выходной: [positive]
гармоничный: [positive]
гениальный: [positive]
гений: [positive]
гибкий: [positive]
гигантский: [positive]
глубокий: [positive]
гордый: [positive]
горяченький: [positive]
горячий: [positive]
готовый: [positive]
грамотный: [positive]
грандиозный: [positive]
гратный: [positive]
густой: [positive]
далекий: [positive]
дальний: [positive]
дамский: [positive]
данный: [positive]
действенный: [positive]
деликатесный: [positive]
деликатный: [positive]
детский: [positive]
диетический: [positive]
диетичный: [positive]
дикий: [positive]
доброкачественный: [positive]
добросовестный: [positive]
добротный: [positive]
добрый: [positive]
довольный: [positive]
долгожданный: [positive]
долгоиграющий: [positive]
домашненький: [positive]
домашний: [positive]
домашный: [positive]
дополнительный: [positive]
достаточный: [positive]
достоверный: [positive]
достойный: [positive]
доступный: [positive]
драгоценный: [positive]
душистый: [positive]
единостильный: [positive]
единственный: [positive]
есессный: [positive]
естественный: [positive]
желаемый: [positive]
желанный: [positive]
железонасыщенный: [positive]
живительный: [positive]
живой: [positive]
живописный: [positive]
жизнерадостный: [positive]
жизнеспособный: [positive]
жирненький: [positive]
жирный: [positive]
забавный: [positive]
забористый: [positive]
задорный: [positive]
зажигательный: [positive]
заказной: [positive]
закрытый: [positive]
заманчивый: [positive]
замечательный: [positive]
замечетельный: [positive]
замысловатый: [positive]
занимательный: [positive]
занятный: [positive]
зарубежный: [positive]
захватывающий: [positive]
здоровенный: [positive]
здоровый: [positive]
земной: [positive]
знакомый: [positive]
знаменательный: [positive]
значимый: [positive]
знающий: [positive]
золотистый: [positive]
золотой: [positive]
зрелый: [positive]
идеальный: [positive]
избирательный: [positive]
известный: [positive]
изумительный: [positive]
изысканный: [positive]
изысканый: [positive]
изящный: [positive]
индивидуальный: [positive]
иногородний: [positive]
иностранный: [positive]
интеллигентный: [positive]
интеремсный: [positive]
интересный: [positive]
интимный: [positive]
интригующий: [positive]
информативный: [positive]
искристый: [positive]
каждый: [positive]
калорийный: [positive]
качественный: [positive]
кисленький: [positive]
кисловатый: [positive]
кислый: [positive]
классичесикий: [positive]
классический: [positive]
классный: [positive]
клевый: [positive]
клубный: [positive]
количественный: [positive]
колоритный: [positive]
компактный: [positive]
конструктивный: [positive]
контрастный: [positive]
королевский: [positive]
коронный: [positive]
короткий: [positive]
красивый: [positive]
красочный: [positive]
креативный: [positive]
крепкий: [positive]
кропотливый: [positive]
крупный: [positive]
кульминационный: [positive]
культурный: [positive]
кусковой: [positive]
лаконичный: [positive]
легендарный: [positive]
легкий: [positive]
легкодоступный: [positive]
легкоусвояемый: [positive]
ледовый: [positive]
лесной: [positive]
летний: [positive]
личный: [positive]
локальный: [positive]
лояльный: [positive]
любимый: [positive]
любознательный: [positive]
любой: [positive]
любопытный: [positive]
любящий: [positive]
людный: [positive]
манящий: [positive]
масштабный: [positive]
мгновенный: [positive]
местный: [positive]
миленький: [positive]
миловидный: [positive]
милый: [positive]
миниатюрный: [positive]
миролюбивый: [positive]
младой: [positive]
многий: [positive]
многогранный: [positive]
многообразный: [positive]
многообъемный: [positive]
многосложный: [positive]
многослойный: [positive]
многочисленный: [positive]
модный: [positive]
моментальный: [positive]
морской: [positive]
московский: [positive]
мягкий: [positive]
мясистый: [positive]
наваристый: [positive]
надежный: [positive]
наисвежий: [positive]
настоящий: [positive]
настроенный: [positive]
настрой: [positive]
насыщенный: [positive]
натуральный: [positive]
находчивый: [positive]
неаляповатый: [positive]
небанальный: [positive]
небольшой: [positive]
невероятный: [positive]
невский: [positive]
нежирный: [positive]
нежный: [positive]
незабываемый: [positive]
независимый: [positive]
незатейливый: [positive]
неизбитый: [positive]
неизведанный: [positive]
неизвестный: [positive]
неиспорченный: [positive]
неиспробованный: [positive]
нейтральный: [positive]
некрепкий: [positive]
немешаюший: [positive]
ненавязчивый: [positive]
ненавящивой: [positive]
ненадоедливый: [positive]
неназойливый: [positive]
необходимый: [positive]
необъятный: [positive]
необыкновенный: [positive]
необычный: [positive]
неоднократный: [positive]
неожиданный: [positive]
неординарный: [positive]
неострый: [positive]
неотъемлемый: [positive]
непафосный: [positive]
неплохой: [positive]
неповторимый: [positive]
неподдельный: [positive]
непостижимый: [positive]
непохожий: [positive]
непренужденный: [positive]
непресный: [positive]
непретенциозный: [positive]
непривычный: [positive]
непринужденный: [positive]
непринужденый: [positive]
неприторный: [positive]
непритязательный: [positive]
неприхотливый: [positive]
непростой: [positive]
непьяный: [positive]
неразбавленный: [positive]
нереальный: [positive]
нерезкий: [positive]
неризоновый: [positive]
несомненный: [positive]
нестандартный: [positive]
нетиражный: [positive]
нетривиальный: [positive]
нетяжелый: [positive]
нефильтрованный: [positive]
неформальный: [positive]
нижний: [positive]
низкий: [positive]
низкокалорийный: [positive]
новенький: [positive]
новый: [positive]
нормальный: [positive]
нужный: [positive]
нынешний: [positive]
обильный: [positive]
обширный: [positive]
общедоступный: [positive]
общий: [positive]
объемный: [positive]
обычный: [positive]
обязательный: [positive]
огромный: [positive]
однородный: [positive]
окончательный: [positive]
опытный: [positive]
органичный: [positive]
оригинальный: [positive]
освежайющий: [positive]
освежающий: [positive]
осенний: [positive]
основательный: [positive]
основной: [positive]
основный: [positive]
особенный: [positive]
особый: [positive]
остальной: [positive]
осторожный: [positive]
остренький: [positive]
острый: [positive]
отдельный: [positive]
отечественный: [positive]
отлельный: [positive]
отличный: [positive]
отменный: [positive]
ошеломительный: [positive]
пенный: [positive]
перспективный: [positive]
пестрый: [positive]
петербургский: [positive]
пикантный: [positive]
питательный: [positive]
питерский: [positive]
питкий: [positive]
пиятный: [positive]
плотный: [positive]
податливый: [positive]
поджаристый: [positive]
подобранный: [positive]
подробный: [positive]
подтянутый: [positive]
позитивный: [positive]
познавательный: [positive]
полезный: [positive]
полновесный: [positive]
полноценный: [positive]
полный: [positive]
половинный: [positive]
положительный: [positive]
популярный: [positive]
пористый: [positive]
последовательный: [positive]
постный: [positive]
постоянный: [positive]
похвальный: [positive]
похожий: [positive]
правдивый: [positive]
правильный: [positive]
праздничный: [positive]
превосходный: [positive]
презентабельный: [positive]
прекрасный: [positive]
прерасный: [positive]
престижный: [positive]
претенциозный: [positive]
приближенный: [positive]
привлекательный: [positive]
привычный: [positive]
приемлемый: [positive]
прикольный: [positive]
прикрасный: [positive]
приличный: [positive]
примечательный: [positive]
пристальный: [positive]
притягательный: [positive]
притяный: [positive]
прияный: [positive]
приятный: [positive]
пробкинский: [positive]
пробочный: [positive]
продуманный: [positive]
прозрачный: [positive]
профессиональный: [positive]
прохладный: [positive]
пышный: [positive]
пьянящий: [positive]
равномерный: [positive]
радостный: [positive]
радужный: [positive]
разборчивый: [positive]
развернутый: [positive]
развитой: [positive]
разливной: [positive]
разливный: [positive]
размеренный: [positive]
разновозрастной: [positive]
разнообразный: [positive]
разнообрзный: [positive]
разноплановый: [positive]
разносторонний: [positive]
разный: [positive]
разумный: [positive]
располагающий: [positive]
распрекрасный: [positive]
рассыпчатый: [positive]
респектабельный: [positive]
ровный: [positive]
родной: [positive]
рождественский: [positive]
роскошный: [positive]
российский: [positive]
румяный: [positive]
русский: [positive]
ручной: [positive]
садовый: [positive]
самобытный: [positive]
самодельный: [positive]
самодостаточный: [positive]
самолепный: [positive]
сбалансированный: [positive]
сведущий: [positive]
свеженький: [positive]
свежий: [positive]
сверкающий: [positive]
сверхестественный: [positive]
своеобразный: [positive]
сдержанный: [positive]
сдобный: [positive]
сегодняшний: [positive]
сезонный: [positive]
семейный: [positive]
сетевой: [positive]
симпатичный: [positive]
симпотичный: [positive]
сипматичный: [positive]
сказочный: [positive]
склонный: [positive]
скорый: [positive]
слабый: [positive]
славный: [positive]
сладенький: [positive]
слаженный: [positive]
сложнотехнологичный: [positive]
сложный: [positive]
слоистый: [positive]
слой: [positive]
смелый: [positive]
смешанный: [positive]
современный: [positive]
содержательный: [positive]
солидный: [positive]
сочиненный: [positive]
сочный: [positive]
спелый: [positive]
специальный: [positive]
средненький: [positive]
среднестатистический: [positive]
средний: [positive]
стабильный: [positive]
стандартный: [positive]
старательный: [positive]
студенческий: [positive]
субъективный: [positive]
суперароматный: [positive]
суперконцентрированный: [positive]
сухой: [positive]
сушеный: [positive]
счастливый: [positive]
съедобный: [positive]
съестной: [positive]
сытный: [positive]
талантливый: [positive]
тающий: [positive]
творческий: [positive]
тепкий: [positive]
тепленький: [positive]
теплый: [positive]
терпкий: [positive]
техничный: [positive]
толковый: [positive]
толстенький: [positive]
толстый: [positive]
тонкий: [positive]
торжественный: [positive]
точный: [positive]
традиционный: [positive]
требовательный: [positive]
трезвый: [positive]
трепетный: [positive]
тропический: [positive]
тугой: [positive]
тщательный: [positive]
тягучий: [positive]
убедительный: [positive]
увесистый: [positive]
удачный: [positive]
удивительный: [positive]
удобоваримый: [positive]
удовлетворенный: [positive]
уловимый: [positive]
умелый: [positive]
умеренный: [positive]
уместный: [positive]
универсальный: [positive]
уникальный: [positive]
упитанный: [positive]
упругий: [positive]
утонченный: [positive]
утренний: [positive]
фактический: [positive]
фантастический: [positive]
фееричный: [positive]
фирменный: [positive]
функциональный: [positive]
фуршетный: [positive]
характерный: [positive]
хваленый: [positive]
холодненький: [positive]
хорошенький: [positive]
хороший: [positive]
хрусткий: [positive]
хрустячий: [positive]
хрустящий: [positive]
целенький: [positive]
целостный: [positive]
цельный: [positive]
цивильный: [positive]
человеческий: [positive]
честный: [positive]
чревоугодный: [positive]
чудесный: [positive]
чудный: [positive]
шведский: [positive]
шикарный: [positive]
широкий: [positive]
щедрый: [positive]
экзотичный: [positive]
экологичный: [positive]
эксклюзивный: [positive]
элегантный: [positive]
эстетический: [positive]
эстетичный: [positive]
эффективный: [positive]
эффектный: [positive]
южный: [positive]
юный: [positive]
свежесть: [positive]
домашний мороженое: [positive]
приготавливать: [positive]
есть: [positive]
по-мегрельски: [positive]
подача: [positive]
перчик: [positive]
соответствовать: [positive]
сытно: [positive]
готовиться: [positive]
вкусно: [positive]
вкус: [positive]
приготовление: [positive]
детский: [positive]
сытый: [positive]
запекать: [positive]
готовить: [positive]
много: [positive]
вставать: [positive]
радовать: [positive]
домашний: [positive]
дора-брю: [positive]
аппетитно: [positive]
сервировка: [positive]
собственный: [positive]
рибай: [positive]
послевкусие: [positive]
тортик: [positive]
шашлычок: [positive]
соление: [positive]
угощение: [positive]
ручной: [positive]
европейский: [positive]
холодный рыбный рулет: [positive]
хугарден: [positive]
таять: [positive]
шеф: [positive]
закусочка: [positive]
коктейль: [positive]
богатый: [positive]
находка: [positive]
покушать: [positive]
выбор блюдо: [positive]
тщательный: [positive]
аккуратно: [positive]
пивоварня: [positive]
поесть: [positive]
лосось-филадельфия: [positive]
сваривать: [positive]
мясной блюдо: [positive]
качество: [positive]
разнообразно: [positive]
съедать: [positive]
пивоварня: [positive]
поужинать: [positive]
банкетный: [positive]
рыбка: [positive]
кухня: [positive]
мягко: [positive]
рыба-стейк: [positive]
ужинать: [positive]
солянка: [positive]
греночка: [positive]
бизнес: [positive]
выпивка: [positive]
вкусняшка: [positive]
запеченый: [positive]
запеченный: [positive]
кальян: [positive]
наедаться: [positive]
лезть: [positive]
красиво: [positive]
продукт: [positive]
десертик: [positive]
колбаска: [positive]
доедать: [positive]
свежесваривать: [positive]
свежесваренный: [positive]
накормить: [positive]
котлетка: [positive]
объедаться: [positive]
кусок: [positive]
напоить: [positive]
кармашек: [positive]
объедение: [positive]
вкуснятина: [positive]
достаточно: [positive]
запивать: [positive]
крылышко: [positive]
холодный: [positive]
прожаривать: [positive]
закуска: [positive]
закусить: [positive]
закусывать: [positive]
кормить: [positive]
фондю: [positive]
получаться: [positive]
запекать: [positive]
таять: [positive]
выпечка: [positive]
размер: [positive]
классичесикий: [positive]
корзина: [positive]
мраморный: [positive]
попробовать: [positive]
естьпопить: [positive]
горячее: [positive]
кушать: [positive]
готовить: [positive]
качественно: [positive]
оформлять: [positive]
колбаска: [positive]
котлетка: [positive]
хлебный: [positive]
запекать: [positive]
украшать: [positive]
выбирать: [positive]
булочка: [positive]
оргазм: [positive]
кофе-десерт: [positive]
таять: [positive]
вазочка: [positive]
ломиться: [positive]
разнообразие: [positive]
пила: [positive]
тиммерманс: [positive]
наличие: [positive]
сочно: [positive]
горячее: [positive]
украшать: [positive]
фаст-фуд: [positive]
вкусный: [positive]
чайка: [positive]
трапеза: [positive]
наедаться: [positive]
закусывать: [positive]
вайнштефан: [positive]
вкусности: [positive]
супчик: [positive]
рулетик: [positive]
объедаться: [positive]
менять блюдо: [positive]
ассорти: [positive]
янтарный: [positive]
оттенок: [positive]
разносол: [positive]
пропеченный: [positive]