агрессивный: [negative]
аскетичный: [negative]
асктетичный: [negative]
банальный: [negative]
безвкусный: [negative]
бедныйа: [negative]
бездушный: [negative]
безжизненный: [negative]
безинтересный: [negative]
безликий: [negative]
безрадостный: [negative]
безрукий: [negative]
безумный: [negative]
безымянный: [negative]
безыскусный: [negative]
бесвкусный: [negative]
бесконечный: [negative]
бесповоротный: [negative]
бесполезный: [negative]
бессмысленный: [negative]
бестолковый: [negative]
бесхитростный: [negative]
бесцветный: [negative]
бледный: [negative]
брутальный: [negative]
буйный: [negative]
веский: [negative]
взорслый: [negative]
взрослый: [negative]
вкусовой: [negative]
влажный: [negative]
водянистый: [negative]
волокнистый: [negative]
вонючий: [negative]
вредный: [negative]
всеобщий: [negative]
всякий: [negative]
въедливый: [negative]
выносливый: [negative]
высокий: [negative]
высоколобый: [negative]
вязкий: [negative]
вялый: [negative]
гермитичный: [negative]
гиперсоленый: [negative]
гламурный: [negative]
глобальный: [negative]
глянцевый: [negative]
голодный: [negative]
горький: [negative]
горьковатый: [negative]
слишком горячий: [negative]
недостаточно горячий: [negative] 
грозный: [negative]
грубый: [negative]
грустный: [negative]
грязный: [negative]
густоватый: [negative]
девяностый: [negative]
сотый: [negative]
девятый: [negative]
деревянный: [negative]
дерзкий: [negative]
детский: [negative]
дешевый: [negative]
дешовый: [negative]
дикий: [negative]
длиииинный: [negative]
длинный: [negative]
дневной: [negative]
долгий: [negative]
домой: [negative]
дополнительный: [negative]
дорогой: [negative]
дорогостоящий: [negative]
достаточный: [negative]
достоверный: [negative]
дряблый: [negative]
дубовый: [negative]
дурацкий: [negative]
жадный: [negative]
жалкий: [negative]
железный: [negative]
желтушный: [negative]
жестковатый: [negative]
жетский: [negative]
жиденький: [negative]
жидкий: [negative]
жидковатый: [negative]
жилистый: [negative]
жирненький: [negative]
жирноватый: [negative]
жирный: [negative]
забывчивый: [negative]
забывшивый: [negative]
заветренный: [negative]
зависимый: [negative]
завистливый: [negative]
загадочный: [negative]
загародный: [negative]
загнанный: [negative]
закрытый: [negative]
заляпаный: [negative]
заляпанный: [negative]
заметный: [negative]
злой: [negative]
избалованный: [negative]
известный: [negative]
иногородний: [negative]
иной: [negative]
искусственный: [negative]
исчерпывающий: [negative]
категоричный: [negative]
кисловатый: [negative]
кислый: [negative]
прокисший: [negative]
прокислый: [negative]
кичеватый: [negative]
клейкий: [negative]
коварный: [negative]
конечный: [negative]
концентрированный: [negative]
конюшенный: [negative]
косвенный: [negative]
кошмарный: [negative]
краткий: [negative]
критичный: [negative]
крохотный: [negative]
крутой: [negative]
кульминационный: [negative]
кусачий: [negative]
куцый: [negative]
левый: [negative]
ледяной: [negative]
ленивый: [negative]
липкий: [negative]
лишний: [negative]
лохматый: [negative]
мажорный: [negative]
маленький: [negative]
маловероятный: [negative]
малый: [negative]
маслянистый: [negative]
массивный: [negative]
махровый: [negative]
мелкий: [negative]
мерзкий: [negative]
многострадальный: [negative]
мокрый: [negative]
мрачноватый: [negative]
мрачный: [negative]
муторный: [negative]
мятый: [negative]
надоедливый: [negative]
назойливый: [negative]
наивный: [negative]
наиотвратный: [negative]
наносный: [negative]
напичканый: [negative]
нарочитый: [negative]
неаппетитный: [negative]
небрежный: [negative]
невежливый: [negative]
невзрачный: [negative]
невзыскательный: [negative]
невидимый: [negative]
невнимательный: [negative]
невнятный: [negative]
невразумительный: [negative]
невусный: [negative]
негармоничный: [negative]
негативный: [negative]
негорячий: [negative]
неграмотный: [negative]
недиетический: [negative]
недовольный: [negative]
недожаренный: [negative]
недостойный: [negative]
незаметный: [negative]
незамутненный: [negative]
незамысловатый: [negative]
незаполненный: [negative]
незапоминаюший: [negative]
неперченый: [positive]
нездоровый: [negative]
незначительный: [negative]
незрелый: [negative]
неидеальный: [negative]
неизвестный: [negative]
неинтересный: [negative]
неискушенный: [negative]
неиспробованный: [negative]
нейтральный: [negative]
неказистый: [negative]
некомпетентный: [negative]
некрепкий: [negative]
нелепый: [negative]
нелицеприятный: [negative]
немногочисленный: [negative]
немой: [negative]
ненавящивой: [negative]
ненваристый: [negative]
ненаваристый: [negative]
ненужный: [negative]
неоднозначный: [negative]
неоднократный: [negative]
неопытный: [negative]
неорганизованный: [negative]
неоригинальный: [negative]
неострый: [negative]
неотчетливый: [negative]
неохотный: [negative]
непонятный: [negative]
непостижимый: [negative]
непохожий: [negative]
неправильный: [negative]
непредсказуемый: [negative]
непретенциозный: [negative]
неприбранный: [negative]
непривлекательный: [negative]
непривычный: [negative]
непримечательный: [negative]
непритязательный: [negative]
неприхотливый: [negative]
неприятный: [negative]
непродолжительный: [negative]
непростой: [negative]
непьяный: [negative]
нерадивый: [negative]
нереальный: [negative]
нерезкий: [negative]
неровный: [negative]
несвежий: [negative]
несимпатичный: [negative]
несладкий: [negative]
несложный: [negative]
несметный: [negative]
несовместимый: [negative]
несознательный: [negative]
несоленый: [negative]
неспелый: [negative]
неспешный: [negative]
нестандартный: [negative]
несчатный: [negative]
несъедобный: [negative]
неудивительный: [negative]
неудобоваримый: [negative]
неудовлетворительный: [negative]
неуклюжий: [negative]
неумелый: [negative]
неуместный: [negative]
низкий: [negative]
никакой: [negative]
ничтожный: [negative]
новомодный: [negative]
нудный: [negative]
нутовый: [negative]
обжигающий: [negative]
обидный: [negative]
обиженный: [negative]
обсалютный: [negative]
общедоступный: [negative]
объективный: [negative]
объемный: [negative]
обыденный: [negative]
огорченный: [negative]
ограниченный: [negative]
одинаковый: [negative]
одинокий: [negative]
однообразный: [negative]
основной: [negative]
основный: [negative]
особый: [negative]
остальной: [negative]
осторожный: [negative]
островатый: [negative]
отвратительный: [negative]
отдаленный: [negative]
отдельный: [negative]
отлельный: [negative]
отрицательный: [negative]
отстраненный: [negative]
отъявленный: [negative]
пасмурный: [negative]
пафосный: [negative]
пахучий: [negative]
первобытный: [negative]
пережареный: [negative]
переполненный: [negative]
пересоленый: [negative]
пересушеный: [negative]
плоский: [negative]
плохой: [negative]
плохонький: [negative]
подвявший: [negative]
подгорелый: [negative]
подобранный: [negative]
подозрительный: [negative]
половинный: [negative]
полужидкий: [negative]
полукруглый: [negative]
полусладкий: [negative]
полусухой: [negative]
полусырой: [negative]
полутеплый: [negative]
полый: [negative]
последний: [negative]
последующий: [negative]
посредственный: [negative]
постный: [negative]
предыдущий: [negative]
презрительный: [negative]
пренебрежительный: [negative]
пресноватый: [negative]
пресный: [negative]
претензионный: [negative]
претенциозный: [negative]
приближенный: [negative]
привередливый: [negative]
привычный: [negative]
приглушенный: [negative]
придирчивый: [negative]
пристрастный: [negative]
притворный: [negative]
приторный: [negative]
провальный: [negative]
проворный: [negative]
прогорклый: [negative]
продолжительный: [negative]
прожженный: [negative]
прожорливый: [negative]
простенький: [negative]
простецкий: [negative]
простой: [negative]
противный: [negative]
проходной: [negative]
прямой: [negative]
пустоватый: [negative]
пустой: [negative]
пустынный: [negative]
путаный: [negative]
пыльный: [negative]
пьяный: [negative]
равнодушный: [negative]
размашистый: [negative]
разношерстный: [negative]
разухабистый: [negative]
расстроенный: [negative]
рваный: [negative]
редкий: [negative]
резиновый: [negative]
резкий: [negative]
рутинный: [negative]
рыхлый: [negative]
рюмочный: [negative]
рябой: [negative]
сальный: [negative]
свободный: [negative]
сирый: [negative]
склизский: [negative]
склонный: [negative]
скользкий: [negative]
скромный: [negative]
скудный: [negative]
скучный: [negative]
случайный: [negative]
смешной: [negative]
сморщенный: [negative]
солоноватый: [negative]
сомнительный: [negative]
спертый: [negative]
специфический: [negative]
специфичный: [negative]
спорный: [negative]
старомодный: [negative]
старый: [negative]
странноватый: [negative]
странный: [negative]
страшный: [negative]
строгий: [negative]
стройный: [negative]
сумбурный: [negative]
суховатый: [negative]
сухой: [negative]
сыроватый: [negative]
сырой: [negative]
сякой: [negative]
табачный: [negative]
таинственный: [negative]
твердокаменный: [negative]
твердый: [negative]
тернистый: [negative]
тлетворный: [negative]
толстоватый: [negative]
тоненький: [negative]
тонковатый: [negative]
тормозной: [negative]
тощий: [negative]
тривиальный: [negative]
трудный: [negative]
трудоемкий: [negative]
туговатый: [negative]
тупой: [negative]
тяжеловатый: [negative]
тяжелый: [negative]
убитый: [negative]
убогий: [negative]
ужасный: [negative]
узнаваемый: [negative]
уловимый: [negative]
унылый: [negative]
утилитарный: [negative]
фактический: [negative]
фэйковый: [negative]
хамский: [negative]
хваленый: [negative]
химический: [negative]
хлипкий: [negative]
холодный: [negative]
хрупкий: [negative]
черствый: [negative]
чрезмерный: [negative]
чудесатый: [negative]
чудной: [negative]
чуждый: [negative]
шершавый: [negative]
щемящий: [negative]
экономный: [negative]
ядовитый: [negative]
ядреный: [negative]
невкусный: [negative]
проблема: [negative]
поесть: [negative]
теплый: [negative]
приправа: [negative]
небольшой: [negative]
волос: [negative]
наличие: [negative]
запах: [negative]
доедать: [negative]
скисать: [negative]
взрослый: [negative]
жеваться: [negative]
холодильник: [negative]
экземпляр: [negative]
остыть: [negative]
майонез: [negative]
микроволновка: [negative]
специя: [negative]
порция: [negative]
прожарка: [negative]
радуга: [negative]
ничто: [negative]
подача: [negative]
обнаруживать: [negative]
соленый: [negative]
соль: [negative]
пересоленный: [negative]
карта: [negative]
никакой: [negative]
доедать: [negative]
нехватывать: [negative]
жир: [negative]
кость: [negative]
темный: [negative]
кусочек: [negative]
единственный: [negative]
комок: [negative]
шарик: [negative]
отсутствие: [negative]
кусок: [negative]
досолить: [negative]
суховато: [negative]
непрожаривать: [negative]
соус: [negative]
много: [negative]
мало: [negative]
ждать: [negative]
жесткий: [negative]
одинаковый: [negative]
пресный: [negative]
оказываться: [negative]
пересолить: [negative]
кормить: [negative]
палочка: [negative]
прожаривать: [negative]
наличие: [negative]
никакой: [negative]
допинг: [negative]
порченый: [negative]
испорченный: [negative]
непрожаренный: [negative]
недоваренный: [negative]
пережаренный: [negative]
остыть: [negative]
остывший: [negative]