агрессивный: [negative]
банальный: [negative]
бездушный: [negative]
безжизненный: [negative]
беззаботный: [negative]
безинтересный: [negative]
безликий: [negative]
безрадостный: [negative]
безумный: [negative]
безыскусный: [negative]
беленький: [negative]
бесвкусный: [negative]
бесстыжий: [negative]
бестолковый: [negative]
бесхитростный: [negative]
бесцветный: [negative]
бледный: [negative]
брутальный: [negative]
вонючий: [negative]
вычурный: [negative]
голубенький: [negative]
громкий: [negative]
громковатый: [negative]
грубый: [negative]
грязный: [negative]
гулкий: [negative]
далекий: [negative]
дальний: [negative]
дамский: [negative]
дешевый: [negative]
дешовый: [negative]
дурацкий: [negative]
жалкий: [negative]
железный: [negative]
желтенький: [negative]
желтушный: [negative]
жесткий: [negative]
жестковатый: [negative]
жетский: [negative]
заляпаный: [negative]
заляпанный: [negative]
звучный: [negative]
здоровенный: [negative]
зеленоватый: [negative]
искусственный: [negative]
кичеватый: [negative]
колченогий: [negative]
контрастный: [negative]
конюшенный: [negative]
кошмарный: [negative]
красненький: [negative]
критичный: [negative]
крохотный: [negative]
курящий: [negative]
кухонный: [negative]
куцый: [negative]
людный: [negative]
мажорный: [negative]
маленький: [negative]
малолюдный: [negative]
массивный: [negative]
мерзкий: [negative]
миниатюрный: [negative]
модный: [negative]
молодежный: [negative]
монументальный: [negative]
мрачноватый: [negative]
мрачный: [negative]
навязчивый: [negative]
надоедливый: [negative]
назойливый: [negative]
напыщенный: [negative]
нарочитый: [negative]
небольшой: [negative]
небрежный: [negative]
невзрачный: [negative]
невнятный: [negative]
невысокий: [negative]
негармоничный: [negative]
незаметный: [negative]
незамысловатый: [negative]
незапоминаюший: [negative]
незатейливый: [negative]
неказистый: [negative]
неоднозначный: [negative]
непафосный: [negative]
неприбранный: [negative]
неприветливый: [negative]
непривлекательный: [negative]
неприятный: [negative]
неровный: [negative]
несвежий: [negative]
неудобный: [negative]
неудовлетворительный: [negative]
неуклюжий: [negative]
неуютный: [negative]
обшарпанный: [negative]
обыденный: [negative]
отдаленный: [negative]
отстраненный: [negative]
пафосный: [negative]
певчий: [negative]
переполненный: [negative]
пестрый: [negative]
плоский: [negative]
плохой: [negative]
плохонький: [negative]
половой: [negative]
посредственный: [negative]
потайной: [negative]
потертый: [negative]
пошапанный: [negative]
пошлый: [negative]
праздный: [negative]
претенциозный: [negative]
промозглый: [negative]
простенький: [negative]
простецкий: [negative]
простой: [negative]
просторный: [negative]
протертый: [negative]
противный: [negative]
прохладный: [negative]
проходной: [negative]
пустоватый: [negative]
пустой: [negative]
пустынный: [negative]
разухабистый: [negative]
разъездной: [negative]
редуцированный: [negative]
серый: [negative]
склизский: [negative]
скользкий: [negative]
скрипучий: [negative]
скромный: [negative]
скудный: [negative]
скучный: [negative]
сморщенный: [negative]
соседний: [negative]
спертый: [negative]
специфический: [negative]
специфичный: [negative]
средненький: [negative]
среднестатистический: [negative]
старомодный: [negative]
старый: [negative]
студенческий: [negative]
сумеречный: [negative]
сумрачный: [negative]
суровый: [negative]
твердый: [negative]
тлетворный: [negative]
убитый: [negative]
убогий: [negative]
увесистый: [negative]
угловатый: [negative]
ужасный: [negative]
унылый: [negative]
упертый: [negative]
чопорный: [negative]
чрезмерный: [negative]
чуждый: [negative]
шершавый: [negative]
эстрадный: [negative]
ядреный: [negative]
темный: [negative]
тусклый: [negative]
незаполненный: [negative]
оказываться: [negative]
скопление: [negative]
лифт: [negative]
людно: [negative]
радио: [negative]
курящий: [negative]
неопрятно: [negative]
кондиционер: [negative]
неработающий: [negative]
прохладно: [negative]
тесно: [negative]
избивать: [negative]
народ: [negative]
прохладно: [negative]
народ: [negative]
курить: [negative]
туалетный: [negative]
отсутствие: [negative]
душно: [negative]
громко: [negative]
соседний: [negative]
дамский: [negative]
проблематичный: [negative]
забивать: [negative]
урна: [negative]
холодно: [negative]
много: [negative]
занимать: [negative]
неуютно: [negative]
отсутствие: [negative]
шумный : [negative]
туалет: [negative]
некурящий: [negative]
набивать: [negative]
убираться: [negative]
шумный: [negative]
жарко: [negative]
только: [negative]
холодно: [negative]
пахнуть: [negative]
невозможный: [negative]
близко: [negative]
просто: [negative]
мало: [negative]
телефон: [negative]
шумно: [negative]
тесновато: [negative]
накуривать: [negative]
человек: [negative]
маленький: [negative]
повар: [negative]
скучать: [negative]
давить: [negative]
теснота: [negative]