авторский: [positive]
адекватный: [positive]
аккуратненький: [positive]
аккуратный: [positive]
антивандальный: [positive]
антигламурный: [positive]
аскетичный: [positive]
асктетичный: [positive]
атмосферный: [positive]
аутентичный: [positive]
барочный: [positive]
бархатистый: [positive]
безветренный: [positive]
безопасный: [positive]
безукоризненный: [positive]
безупречный: [positive]
березовый: [positive]
бесподобный: [positive]
близкий: [positive]
близлежащий: [positive]
богатый: [positive]
богемный: [positive]
бодрый: [positive]
бодрящий: [positive]
бойкий: [positive]
большой: [positive]
великолепный: [positive]
величественный: [positive]
верхний: [positive]
веселенький: [positive]
веселый: [positive]
весенний: [positive]
вечерний: [positive]
взорслый: [positive]
взрослый: [positive]
взыскательный: [positive]
видный: [positive]
визуальный: [positive]
внешний: [positive]
внутренний: [positive]
внушительный: [positive]
восхитительный: [positive]
выдержанный: [positive]
высокий: [positive]
высокопрофессиональный: [positive]
высокоуровневый: [positive]
выходной: [positive]
вязаный: [positive]
гармоничный: [positive]
гелий: [positive]
гермитичный: [positive]
герметичный: [positive]
гигантский: [positive]
главный: [positive]
гламурный: [positive]
гостеприимный: [positive]
готовый: [positive]
грандиозный: [positive]
деликатный: [positive]
деловитый: [positive]
деловой: [positive]
демократический: [positive]
демократичный: [positive]
детский: [positive]
динамичный: [positive]
дневной: [positive]
добротный: [positive]
дождливый: [positive]
достойный: [positive]
доступный: [positive]
драгоценный: [positive]
душевный: [positive]
душистый: [positive]
европейский: [positive]
единостильный: [positive]
живописный: [positive]
жизнерадостный: [positive]
жизнеспособный: [positive]
забавный: [positive]
загородный: [positive]
задорный: [positive]
зажигательный: [positive]
закрытый: [positive]
заманчивый: [positive]
заметный: [positive]
замечательный: [positive]
замечетельный: [positive]
замысловатый: [positive]
зарубежный: [positive]
зимний: [positive]
идеальный: [positive]
изумительный: [positive]
изысканный: [positive]
изысканый: [positive]
индивидуальный: [positive]
инженерный: [positive]
иностранный: [positive]
интеллектуальный: [positive]
интеллигентный: [positive]
интеремсный: [positive]
интересный: [positive]
интимный: [positive]
кабинетный: [positive]
камерный: [positive]
каминный: [positive]
классический: [positive]
классный: [positive]
клевый: [positive]
колоритный: [positive]
компактный: [positive]
комфортабельный: [positive]
комфортный: [positive]
красивый: [positive]
красочный: [positive]
креативный: [positive]
крепкий: [positive]
кусковой: [positive]
лаконичный: [positive]
легкий: [positive]
летний: [positive]
любимый: [positive]
манящий: [positive]
масштабный: [positive]
махровый: [positive]
местный: [positive]
миленький: [positive]
милый: [positive]
миниатюрный: [positive]
минималистичный: [positive]
модный: [positive]
молодежный: [positive]
монументальный: [positive]
мягкий: [positive]
нарядный: [positive]
национальный: [positive]
неаляповатый: [positive]
небанальный: [positive]
негромкий: [positive]
незабываемый: [positive]
независимый: [positive]
неизбитый: [positive]
некурящий: [positive]
необыкновенный: [positive]
необычный: [positive]
непафосный: [positive]
неплохой: [positive]
неповторимый: [positive]
непостижимый: [positive]
непохожий: [positive]
непретенциозный: [positive]
непринужденный: [positive]
непринужденый: [positive]
непритязательный: [positive]
несуетливый: [positive]
нетиражный: [positive]
нетривиальный: [positive]
неформальный: [positive]
нешумный: [positive]
неяркий: [positive]
нижний: [positive]
новенький: [positive]
новомодный: [positive]
новый: [positive]
ночной: [positive]
общедоступный: [positive]
опрятный: [positive]
органичный: [positive]
оригинальный: [positive]
осенний: [positive]
основательный: [positive]
открытый: [positive]
очаровательный: [positive]
ошеломительный: [positive]
певчий: [positive]
перспективный: [positive]
пестрый: [positive]
питейный: [positive]
питерский: [positive]
пиятный: [positive]
погожий: [positive]
позитивный: [positive]
полный: [positive]
популярный: [positive]
постоянный: [positive]
праздничный: [positive]
презентабельный: [positive]
прекрасный: [positive]
прерасный: [positive]
престижный: [positive]
приближенный: [positive]
приветливый: [positive]
привлекательный: [positive]
привнтливый: [positive]
привычный: [positive]
приглушенный: [positive]
приемлемый: [positive]
притягательный: [positive]
притяный: [positive]
прияный: [positive]
приятный: [positive]
прозрачный: [positive]
просторный: [positive]
проходной: [positive]
пушистый: [positive]
пышный: [positive]
развлекательный: [positive]
разновозрастной: [positive]
разнообразный: [positive]
разнообрзный: [positive]
разноплановый: [positive]
разносторонний: [positive]
разношерстный: [positive]
располагающий: [positive]
распрекрасный: [positive]
релаксовый: [positive]
релакс: [positive]
респектабельный: [positive]
родной: [positive]
рождественский: [positive]
романтический: [positive]
романтичный: [positive]
роскошный: [positive]
самобытный: [positive]
самодельный: [positive]
сбалансированный: [positive]
сверкающий: [positive]
светленький: [positive]
светлый: [positive]
свободный: [positive]
сетевой: [positive]
симпатичный: [positive]
симпотичный: [positive]
сипматичный: [positive]
современный: [positive]
солидный: [positive]
солнечный: [positive]
специальный: [positive]
стильный: [positive]
танцевальный: [positive]
теплый: [positive]
типичный: [positive]
тихий: [positive]
тканевый: [positive]
торжественный: [positive]
тропический: [positive]
удачный: [positive]
удивительный: [positive]
удобный: [positive]
уединенный: [positive]
укромный: [positive]
урбанистический: [positive]
утилитарный: [positive]
утонченный: [positive]
утренний: [positive]
уютный: [positive]
фантастический: [positive]
фарфоровый: [positive]
фееричный: [positive]
фирменный: [positive]
фоновый: [positive]
функциональный: [positive]
фуршетный: [positive]
фэшенебельный: [positive]
хорошенький: [positive]
хороший: [positive]
художественный: [positive]
царский: [positive]
центральный: [positive]
цивилизованный: [positive]
шведский: [positive]
шелковый: [positive]
шикарный: [positive]
широкий: [positive]
экзотичный: [positive]
экологичный: [positive]
эксклюзивный: [positive]
элегантный: [positive]
эстетический: [positive]
эстетичный: [positive]
этнографический: [positive]
эффектный: [positive]
южный: [positive]
яркий: [positive]
девушка-певица: [positive]
пианино: [positive]
уютно: [positive]
спокойно: [positive]
дружественный: [positive]
царский  : [positive]
вид: [positive]
симпатичный: [positive]
подушка: [positive]
терраса: [positive]
зажигать: [positive]
свадебный: [positive]
просторный: [positive]
мило: [positive]
дизайн: [positive]
первый: [positive]
кабинка: [positive]
музыкант: [positive]
какаоке: [positive]
украшение: [positive]
уютный: [positive]
большой: [positive]
предостаточно: [positive]
весело: [positive]
развлекательный: [positive]
огромный: [positive]
атмосфера: [positive]
непренужденный: [positive]
живой: [positive]
родничок: [positive]
танец: [positive]
тон: [positive]
удобный: [positive]
подсветка: [positive]
красивый: [positive]
ненавязчивый: [positive]
антураж: [positive]
обтановка: [positive]
дизайнер: [positive]
атмосфера: [positive]
уютный: [positive]
мягкий: [positive]
потолок: [positive]
удобный: [positive]
легкий: [positive]
второй: [positive]
ди-джей: [positive]
удобно: [positive]
романтичный: [positive]
по-домашнему: [positive]
ведущий: [positive]
вентиляция: [positive]
система: [positive]
хватить: [positive]
красочный: [positive]
верхний: [positive]
светлый: [positive]
уютно: [positive]
холл: [positive]
уютный: [positive]
свадебный: [positive]
саксофонист: [positive]
удивление: [positive]
коллектив: [positive]
теплый: [positive]
роскошный: [positive]
уютный: [positive]
светло: [positive]
чисто: [positive]
залив: [positive]
праздничный: [positive]
караоке-программа: [positive]
уют: [positive]
красивый: [positive]
приятный: [positive]
банкетый зал: [positive]
диванчик: [positive]
детский: [positive]
настроение: [positive]
выбор: [positive]
естественный: [positive]
ненавязчивый: [positive]
программа: [positive]
стильный: [positive]
занавесочка: [positive]
шоу: [positive]
уют: [positive]
обстановка: [positive]
спокойный: [positive]
веранда: [positive]
программа: [positive]
свободный: [positive]
живой: [positive]
потанцевать: [positive]
атмосфера: [positive]
один: [positive]
практически: [positive]
бокал: [positive]
аккуратно: [positive]
удобно: [positive]
доброжелательный: [positive]
домашний: [positive]
сопровождение: [positive]
домашний: [positive]
спокойный: [positive]
колорит: [positive]
вкус: [positive]
уютно: [positive]
комфортно: [positive]
возможность: [positive]
красиво: [positive]
гамма: [positive]
ведущая: [positive]
диванчик: [positive]
декорирование: [positive]
петь: [positive]
украшать: [positive]
уютный: [positive]
свеча: [positive]
романтический: [positive]
убавлять: [positive]
диванчик: [positive]
кальян: [positive]
справляться: [positive]
стеллаж: [positive]
живой: [positive]
комфортный: [positive]
красивый: [positive]
ребята: [positive]
потанцевать: [positive]
теплый: [positive]
публика: [positive]
сделать: [positive]
обстановка: [positive]
полумрак: [positive]
фонтан: [positive]
столик: [positive]
удобный: [positive]
атмосферный: [positive]
приглушенный: [positive]
цветок: [positive]
свет: [positive]
внешний: [positive]
атмосфера: [positive]
свободный: [positive]
музыкальный: [positive]
танцевальный: [positive]
диван: [positive]
столик: [positive]
подсвечник: [positive]
большой: [positive]
отрываться: [positive]
комфортный: [positive]
вид: [positive]
атмосфера: [positive]
лаконичный: [positive]
цветок: [positive]
достаточно: [positive]
красота: [positive]
большой зал: [positive]
украшать: [positive]
диван: [positive]
красиво: [positive]
присутствовать: [positive]
иметься: [positive]
декорировать: [positive]
второй: [positive]
туалет: [positive]
романтичный: [positive]
живой: [positive]
кресло: [positive]
детский: [positive]
играть: [positive]
теплый: [positive]
саксофонист: [positive]
мнооооого: [positive]
романтический: [positive]
каминный: [positive]
гардероб: [positive]
музыкальный: [positive]
просторно: [positive]
занимать: [positive]
гость: [positive]
прохладный: [positive]
стульчик: [positive]
программа: [positive]
красивый: [positive]
ненавязчивый: [positive]
тепло: [positive]
подушка: [positive]
красивый: [positive]
караоке: [positive]
гардероб: [positive]
свеча-цветок: [positive]
украшение: [positive]
большой: [positive]
декор: [positive]

