адекватный: [positive]
аккуратненький: [positive]
аккуратный: [positive]
активный: [positive]
актуальный: [positive]
артистичный: [positive]
аутентичный: [positive]
баристый: [positive]
барный: [positive]
безобидный: [positive]
безопасный: [positive]
безошибочный: [positive]
безукоризненный: [positive]
безупречный: [positive]
бесподобный: [positive]
благодарный: [positive]
благодатный: [positive]
благодушный: [positive]
благожелательный: [positive]
благой: [positive]
благополучный: [positive]
благородный: [positive]
благостный: [positive]
благотворный: [positive]
блестящий: [positive]
бодрый: [positive]
бойкий: [positive]
бумажный: [positive]
быстроногий: [positive]
быстрый: [positive]
вдохновенный: [positive]
вдумчивый: [positive]
ведущий: [positive]
вежливый: [positive]
великий: [positive]
великодушный: [positive]
великолепный: [positive]
величественный: [positive]
веселый: [positive]
взыскательный: [positive]
влюбленный: [positive]
вменяемый: [positive]
вниманительный: [positive]
внимательный: [positive]
внушительный: [positive]
внятный: [positive]
возвышенный: [positive]
волевой: [positive]
волнующий: [positive]
волшебный: [positive]
воспитанный: [positive]
восторженный: [positive]
восхитительный: [positive]
выдержанный: [positive]
выносливый: [positive]
выразительный: [positive]
высокий: [positive]
высоколобый: [positive]
высокопрофессиональный: [positive]
высокоуровневый: [positive]
галантный: [positive]
гармоничный: [positive]
гениальный: [positive]
гений: [positive]
гибкий: [positive]
гордый: [positive]
горячий: [positive]
гостеприимный: [positive]
готовый: [positive]
грамотный: [positive]
грандиозный: [positive]
грациозный: [positive]
дееспособный: [positive]
действенный: [positive]
деликатный: [positive]
деловитый: [positive]
деловой: [positive]
деятельный: [positive]
динамичный: [positive]
дисциплинированный: [positive]
добродушный: [positive]
доброжелательный: [positive]
доброкачественный: [positive]
добросовестный: [positive]
добротный: [positive]
добрый: [positive]
доверительный: [positive]
довольный: [positive]
долгоиграющий: [positive]
домашненький: [positive]
домашний: [positive]
домашный: [positive]
домой: [positive]
дополнительный: [positive]
достойный: [positive]
доступный: [positive]
дружеский: [positive]
дружественный: [positive]
дружный: [positive]
душевный: [positive]
есессный: [positive]
естественный: [positive]
желаемый: [positive]
желанный: [positive]
живительный: [positive]
живой: [positive]
жизнерадостный: [positive]
жизнеспособный: [positive]
забавный: [positive]
забористый: [positive]
заботливый: [positive]
задорный: [positive]
задумчивый: [positive]
зажигательный: [positive]
заинтересованный: [positive]
заказной: [positive]
заманчивый: [positive]
заметный: [positive]
замечательный: [positive]
замечетельный: [positive]
замысловатый: [positive]
занимательный: [positive]
занятный: [positive]
зарубежный: [positive]
захватывающий: [positive]
звонкий: [positive]
звучный: [positive]
здоровенный: [positive]
здоровый: [positive]
знакомый: [positive]
знаменательный: [positive]
значимый: [positive]
знающий: [positive]
идеальный: [positive]
избалованный: [positive]
избирательный: [positive]
известный: [positive]
изумительный: [positive]
изысканный: [positive]
изысканый: [positive]
изящный: [positive]
индивидуальный: [positive]
иностранный: [positive]
интеллектуальный: [positive]
интеллигентный: [positive]
интеремсный: [positive]
интересный: [positive]
интимный: [positive]
интригующий: [positive]
информативный: [positive]
искренний: [positive]
искристый: [positive]
исчерпывающий: [positive]
классический: [positive]
классный: [positive]
клевый: [positive]
колоритный: [positive]
коммуникабельный: [positive]
компактный: [positive]
компетентный: [positive]
комфортабельный: [positive]
комфортный: [positive]
контактный: [positive]
концентрированный: [positive]
коронный: [positive]
корректный: [positive]
красивый: [positive]
красочный: [positive]
краткий: [positive]
креативный: [positive]
крепкий: [positive]
кропотливый: [positive]
крутой: [positive]
кулинарный: [positive]
кульминационный: [positive]
культурный: [positive]
ласковый: [positive]
легендарный: [positive]
легкий: [positive]
легкодоступный: [positive]
личный: [positive]
ловкий: [positive]
логичный: [positive]
лояльный: [positive]
лучезарный: [positive]
любимый: [positive]
любознательный: [positive]
любопытный: [positive]
любящий: [positive]
людный: [positive]
манящий: [positive]
масштабный: [positive]
мгновенный: [positive]
мегавнимательный: [positive]
миленький: [positive]
миловидный: [positive]
милый: [positive]
миниатюрный: [positive]
минималистичный: [positive]
миролюбивый: [positive]
многогранный: [positive]
многообразный: [positive]
многообъемный: [positive]
многосложный: [positive]
многослойный: [positive]
многочисленный: [positive]
мобильный: [positive]
модный: [positive]
молодежный: [positive]
молодой: [positive]
молодцеватый: [positive]
наблюдательный: [positive]
наглядный: [positive]
надежный: [positive]
наисвежий: [positive]
наперебой: [positive]
нарядный: [positive]
настойчивый: [positive]
настоящий: [positive]
настроенный: [positive]
настрой: [positive]
насыщенный: [positive]
натуральный: [positive]
находчивый: [positive]
национальный: [positive]
неаляповатый: [positive]
небанальный: [positive]
невероятный: [positive]
невредимый: [positive]
нежный: [positive]
незабываемый: [positive]
независимый: [positive]
неиспорченный: [positive]
неиспробованный: [positive]
нейтральный: [positive]
немешаюший: [positive]
немногословный: [positive]
ненавязчивый: [positive]
ненавящивой: [positive]
ненадоедливый: [positive]
неназойливый: [positive]
ненапряженный: [positive]
ненваристый: [positive]
необременительный: [positive]
необходимый: [positive]
необъятный: [positive]
необыкновенный: [positive]
необычный: [positive]
непафосный: [positive]
неплохой: [positive]
неповторимый: [positive]
неподдельный: [positive]
непосредственный: [positive]
непредсказуемый: [positive]
непренужденный: [positive]
непресный: [positive]
непретенциозный: [positive]
непривычный: [positive]
непримечательный: [positive]
непринужденный: [positive]
непринужденый: [positive]
неприторный: [positive]
непритязательный: [positive]
неприхотливый: [positive]
непродолжительный: [positive]
непьяный: [positive]
неразбавленный: [positive]
нереальный: [positive]
несомненный: [positive]
нестандартный: [positive]
несуетливый: [positive]
нетиражный: [positive]
нетривиальный: [positive]
неформальный: [positive]
новенький: [positive]
нормальный: [positive]
нужный: [positive]
обаятельный: [positive]
обворожительный: [positive]
обильный: [positive]
обсалютный: [positive]
обслуживающий: [positive]
обстановкий: [positive]
обходиетельный: [positive]
обширный: [positive]
общедоступный: [positive]
общительный: [positive]
объективный: [positive]
обязательный: [positive]
однородный: [positive]
одухотворенный: [positive]
озабоченный: [positive]
озорной: [positive]
опрятный: [positive]
опытный: [positive]
органичный: [positive]
оригинальный: [positive]
основательный: [positive]
особенный: [positive]
особый: [positive]
осторожный: [positive]
ответственный: [positive]
отжигалистый: [positive]
отзывчивый: [positive]
открытый: [positive]
отличный: [positive]
отменный: [positive]
очаровательный: [positive]
ошеломительный: [positive]
перспективный: [positive]
пикантный: [positive]
податливый: [positive]
подробный: [positive]
подтянутый: [positive]
позитивный: [positive]
познавательный: [positive]
покладистый: [positive]
полезный: [positive]
полновесный: [positive]
полноценный: [positive]
полный: [positive]
половинный: [positive]
положительный: [positive]
понимающий: [positive]
понятливый: [positive]
понятный: [positive]
популярный: [positive]
порядочный: [positive]
посильный: [positive]
последовательный: [positive]
последующий: [positive]
послушный: [positive]
постный: [positive]
постоянный: [positive]
похвальный: [positive]
правдивый: [positive]
правильный: [positive]
правый: [positive]
праздничный: [positive]
праздный: [positive]
превосходный: [positive]
преданный: [positive]
предварительный: [positive]
предусмотрительный: [positive]
предыдущий: [positive]
презентабельный: [positive]
прекрасный: [positive]
прерасный: [positive]
престижный: [positive]
привлекательный: [positive]
привнтливый: [positive]
привычный: [positive]
приглушенный: [positive]
приемлемый: [positive]
прикольный: [positive]
прикрасный: [positive]
приличный: [positive]
примечательный: [positive]
пристальный: [positive]
притягательный: [positive]
притяный: [positive]
прияный: [positive]
приятный: [positive]
проворный: [positive]
продуманный: [positive]
проницательный: [positive]
просторный: [positive]
профессиональный: [positive]
прохладительный: [positive]
пунктуальный: [positive]
пышный: [positive]
пьянящий: [positive]
работоспособный: [positive]
рабочий: [positive]
равномерный: [positive]
радостный: [positive]
радужный: [positive]
радушный: [positive]
разборчивый: [positive]
развернутый: [positive]
развитой: [positive]
развлекательный: [positive]
разговорчивый: [positive]
разливной: [positive]
разливный: [positive]
размеренный: [positive]
разновозрастной: [positive]
разнообразный: [positive]
разнообрзный: [positive]
разноплановый: [positive]
разносторонний: [positive]
разношерстный: [positive]
разный: [positive]
разумный: [positive]
располагающий: [positive]
распрекрасный: [positive]
рассудительный: [positive]
расторопный: [positive]
рациональный: [positive]
резвый: [positive]
релаксовый: [positive]
респектабельный: [positive]
ресторанный: [positive]
ретивый: [positive]
решительный: [positive]
ровный: [positive]
родной: [positive]
рождественский: [positive]
романтический: [positive]
романтичный: [positive]
роскошный: [positive]
российский: [positive]
румяный: [positive]
русский: [positive]
самобытный: [positive]
самодельный: [positive]
самодостаточный: [positive]
самолепный: [positive]
самостоятельный: [positive]
сбалансированный: [positive]
сведущий: [positive]
свеженький: [positive]
свежий: [positive]
сверкающий: [positive]
сверхбыстрый: [positive]
сверхестественный: [positive]
сверхскоростной: [positive]
своевременный: [positive]
своеобразный: [positive]
свойский: [positive]
сговорчивый: [positive]
сдержанный: [positive]
сексуальный: [positive]
семейный: [positive]
сердечный: [positive]
сердобольный: [positive]
серьезный: [positive]
сетевой: [positive]
сильный: [positive]
симпатичный: [positive]
симпотичный: [positive]
сипматичный: [positive]
сказочный: [positive]
скорый: [positive]
славный: [positive]
слаженный: [positive]
следующий: [positive]
сложнотехнологичный: [positive]
смелый: [positive]
смешливый: [positive]
смешной: [positive]
смышленый: [positive]
современный: [positive]
содержательный: [positive]
созидательный: [positive]
солидный: [positive]
сообразительный: [positive]
соответсвующий: [positive]
соответствующий: [positive]
специальный: [positive]
сплоченный: [positive]
спокойный: [positive]
способный: [positive]
справедливый: [positive]
средненький: [positive]
средний: [positive]
стабильный: [positive]
стандартный: [positive]
старательный: [positive]
стильный: [positive]
стойкий: [positive]
строгий: [positive]
стройный: [positive]
суетливый: [positive]
суперароматный: [positive]
суперконцентрированный: [positive]
сущий: [positive]
счастливый: [positive]
съедобный: [positive]
съестной: [positive]
сытный: [positive]
сытый: [positive]
тактичный: [positive]
талантливый: [positive]
тарелочный: [positive]
тающий: [positive]
творческий: [positive]
тепленький: [positive]
теплый: [positive]
терпеливый: [positive]
терпиливый: [positive]
техничный: [positive]
типичный: [positive]
тихий: [positive]
толковый: [positive]
толстый: [positive]
тоненький: [positive]
тонкий: [positive]
торжественный: [positive]
точный: [positive]
традиционный: [positive]
требовательный: [positive]
трезвый: [positive]
трепетный: [positive]
трогательный: [positive]
тусовочный: [positive]
тщательный: [positive]
убедительный: [positive]
уважаемый: [positive]
уважительный: [positive]
уверенный: [positive]
увесистый: [positive]
увлекательный: [positive]
угодливый: [positive]
удачный: [positive]
удивительный: [positive]
удобный: [positive]
удобоваримый: [positive]
удовлетворенный: [positive]
узнаваемый: [positive]
укромный: [positive]
уловимый: [positive]
умелый: [positive]
умеренный: [positive]
уместный: [positive]
умиротворенный: [positive]
умненький: [positive]
умный: [positive]
универсальный: [positive]
уникальный: [positive]
упитанный: [positive]
услужливый: [positive]
успокаивающий: [positive]
утонченный: [positive]
ухоженный: [positive]
участливый: [positive]
учтивый: [positive]
уютный: [positive]
фактический: [positive]
фамильярный: [positive]
фантастический: [positive]
фарфоровый: [positive]
фееричный: [positive]
фирменный: [positive]
функциональный: [positive]
фуршетный: [positive]
футбольный: [positive]
фэшенебельный: [positive]
характерный: [positive]
харизматичный: [positive]
хваленый: [positive]
хлопотливый: [positive]
холодненький: [positive]
хорошенький: [positive]
хороший: [positive]
цветочный: [positive]
целостный: [positive]
цельный: [positive]
ценный: [positive]
центральный: [positive]
церемонный: [positive]
цивилизованный: [positive]
цивильный: [positive]
человеческий: [positive]
человечный: [positive]
честный: [positive]
четкий: [positive]
чистенький: [positive]
чистый: [positive]
чревоугодный: [positive]
чудесный: [positive]
чудный: [positive]
чуткий: [positive]
шикарный: [positive]
широкий: [positive]
широкоулыбчивый: [positive]
шустрый: [positive]
шутливый: [positive]
щедрый: [positive]
щемящий: [positive]
экзотичный: [positive]
экологичный: [positive]
эксклюзивный: [positive]
элегантный: [positive]
энергичный: [positive]
эффективный: [positive]
эффектный: [positive]
южный: [positive]
юморный: [positive]
искренний: [positive]
успевать: [positive]
знать: [positive]
замечать: [positive]
справляться: [positive]
поздороваться: [positive]
представляться: [positive]
встретить: [positive]
комплимент: [positive]
ребята: [positive]
обслуживать: [positive]
вовремя: [positive]
нормально: [positive]
общаться: [positive]
разговаривать: [positive]
доброжелательный: [positive]
подходить: [positive]
встречать: [positive]
руководство: [positive]
афроамериканец: [positive]
оперативность: [positive]
быстро: [positive]
мило: [positive]
радушно: [positive]
совет: [positive]
улыбаться: [positive]
профессионал: [positive]
подбирать: [positive]
сервировка: [positive]
ланч-бокс: [positive]
няня: [positive]
вести: [positive]
искренне: [positive]
откликаться: [positive]
профессионализм: [positive]
часто: [positive]
недолгий: [positive]
получать: [positive]
гардеробщик-официант-бармен: [positive]
мгновенно: [positive]
навязчивый: [positive]
воспитанный: [positive]
провожать: [positive]
подаваться: [positive]
можно: [positive]
домой: [positive]
предупредительный: [positive]
улыбаться: [positive]
усадить: [positive]
составлять: [positive]
встречать: [positive]
предлагать: [positive]
рассказывать: [positive]
учтивый: [positive]
вода: [positive]
сервис: [positive]
порекомендовать: [positive]
обслуживание: [positive]
разрешать: [positive]
внимательно: [positive]
добрый: [positive]
ведущий: [positive]
появляться: [positive]
по-домашнему: [positive]
обстановкий: [positive]
относиться: [positive]
усадить: [positive]
забронировать: [positive]
учитывать: [positive]
улыбчивый: [positive]
внимание: [positive]
даваться: [positive]
незаметно: [positive]
отвечать: [positive]
уделять: [positive]
угадывать: [positive]
желание: [positive]
посадить: [positive]
проводить: [positive]
вопрос: [positive]
заботливый: [positive]
девченка: [positive]
здороваться: [positive]
рассчитать: [positive]
выполнение: [positive]
персонал: [positive]
подходить: [positive]
следить: [positive]
подавать: [positive]
организовывать: [positive]
отношение: [positive]
забирать: [positive]
выполнять: [positive]
приятный: [positive]
подвигать: [positive]
скорость: [positive]
решать: [positive]
профессионально: [positive]
хорошо: [positive]
подавать: [positive]
приносить-уносить: [positive]
объяснять: [positive]
счет: [positive]
столик: [positive]
выноситься: [positive]
работа: [positive]
пожелание: [positive]
весь: [positive]
виртуозно: [positive]
кальян: [positive]
подача: [positive]
прием: [positive]
быстрота: [positive]
стол: [positive]
директор: [positive]
мастер: [positive]
являться: [positive]
улыбка : [positive]
персонал: [positive]
еда: [positive]
здороваться: [positive]
находить: [positive]
встречать: [positive]
чистый: [positive]
менять: [positive]
кальянщик: [positive]
помогать: [positive]
полный: [positive]
посоветовать: [positive]
чистота: [positive]
доброжелательный: [positive]
первоначальный: [positive]
получать: [positive]
приветливый: [positive]
свободно: [positive]
входить: [positive]
предлагать: [positive]
сервировать: [positive]
провожать: [positive]
принимать: [positive]
приготавливать: [positive]
встреча: [positive]
наливать: [positive]
подавать: [positive]
обходительный: [positive]
порекомендовать: [positive]
ребята: [positive]
позитивный: [positive]
рад: [positive]
поинтересоваться: [positive]
команда: [positive]
подарить: [positive]
подход: [positive]
смотреть: [positive]
уносить: [positive]
встреча: [positive]
упаковывать: [positive]
разрешать: [positive]
навстречу: [positive]
оперативный: [positive]
вежливо: [positive]
управлять: [positive]
качество: [positive]
дело: [positive]
сразу: [positive]
быстрый: [positive]
доброжелательный: [positive]
быстрый: [positive]
доброжелательный: [positive]
упаковывать: [positive]
оперативно: [positive]
управлять: [positive]
свой: [positive]
разделять-проводить: [positive]
няня: [positive]
рекомендация: [positive]
встреча: [positive]
предлагать: [positive]
обстановка: [positive]
здороваться: [positive]
расторопный: [positive]
показывать: [positive]
дружелюбный: [positive]
няня: [positive]
встречать: [positive]
приносить заказ: [positive]
любезный: [positive]
подача блюдо: [positive]
у вход встречать: [positive]
разбираться: [positive]
отвечать: [positive]
расчет: [positive]
предварительный: [positive]
накопительный: [positive]
провод: [positive]
спрашивать: [positive]
душевно: [positive]
юмор: [positive]
доброжелательно: [positive]
девушка хостесса: [positive]
свидание: [positive]
подарок: [positive]
подготовить: [positive]
стараться: [positive]
подавать: [positive]
скатерть: [positive]
принимать: [positive]
коллектив: [positive]
одноразовый: [positive]
справляться: [positive]
готовый: [positive]
живой: [positive]
улябываться: [positive]
