агрессивный: [negative]
бездушный: [negative]
безжизненный: [negative]
беззаботный: [negative]
безинтересный: [negative]
безликий: [negative]
безрадостный: [negative]
безразличный: [negative]
безрукий: [negative]
безумный: [negative]
безыскусный: [negative]
бесвкусный: [negative]
бесполезный: [negative]
беспощадный: [negative]
беспринципный: [negative]
бессмысленный: [negative]
бесстыжий: [negative]
бестолковый: [negative]
бесхитростный: [negative]
бесцветный: [negative]
блаженный: [negative]
блатной: [negative]
брутальный: [negative]
буйный: [negative]
вальяжный: [negative]
веселенький: [negative]
взбалмошный: [negative]
вкрадчивый: [negative]
восторженный: [negative]
въедливый: [negative]
высоколобый: [negative]
высокомерный: [negative]
вялый: [negative]
гламурный: [negative]
глупый: [negative]
глухой: [negative]
гневный: [negative]
говорливый: [negative]
голодный: [negative]
грозный: [negative]
громкий: [negative]
громковатый: [negative]
грубый: [negative]
грустный: [negative]
грязный: [negative]
гулкий: [negative]
далекий: [negative]
дерзкий: [negative]
дикий: [negative]
долгий: [negative]
долгожданный: [negative]
драчливый: [negative]
другой: [negative]
дряблый: [negative]
дурацкий: [negative]
жадный: [negative]
жалкий: [negative]
забывчивый: [negative]
забывшивый: [negative]
зависимый: [negative]
завистливый: [negative]
загнанный: [negative]
загорелый: [negative]
задерганный: [negative]
закрытый: [negative]
заляпаный: [negative]
заносчивый: [negative]
занятный: [negative]
занятый: [negative]
злобный: [negative]
злой: [negative]
избалованный: [negative]
избирательный: [negative]
ироничный: [negative]
категоричный: [negative]
кичеватый: [negative]
коварный: [negative]
колченогий: [negative]
конструктивный: [negative]
контрастный: [negative]
конфликтный: [negative]
косноязычный: [negative]
кошмарный: [negative]
крикливый: [negative]
критичный: [negative]
куцый: [negative]
лаконичный: [negative]
ленивый: [negative]
лишний: [negative]
лохматый: [negative]
мажорный: [negative]
малообщительный: [negative]
манерный: [negative]
медленный: [negative]
медлительный: [negative]
медпительный: [negative]
менеджерский: [negative]
мерзкий: [negative]
многострадальный: [negative]
молчаливый: [negative]
молчать: [negative]
мрачноватый: [negative]
мрачный: [negative]
муторный: [negative]
навязчивый: [negative]
наглый: [negative]
надменный: [negative]
надоедливый: [negative]
надутый: [negative]
назойливый: [negative]
наивный: [negative]
наигранный: [negative]
наиотвратный: [negative]
наносный: [negative]
напичканый: [negative]
напористый: [negative]
напряженный: [negative]
напыщенный: [negative]
нарочитый: [negative]
настойчивый: [negative]
натянутый: [negative]
неадекватный: [negative]
неаппетитный: [negative]
неблагодарный: [negative]
небрежный: [negative]
невежливый: [negative]
невзрачный: [negative]
невзыскательный: [negative]
невидимый: [negative]
невкусный: [negative]
невменяемый: [negative]
невнимательный: [negative]
невнятный: [negative]
невозмутимый: [negative]
невоспитанный: [negative]
невразумительный: [negative]
невусный: [negative]
негармоничный: [negative]
негативный: [negative]
негорячий: [negative]
неграмотный: [negative]
недовольный: [negative]
недостойный: [negative]
недрогой: [negative]
недружелюбный: [negative]
незаметный: [negative]
незамутненный: [negative]
незамысловатый: [negative]
незаполненный: [negative]
незапоминаюший: [negative]
незатейливый: [negative]
нездоровый: [negative]
незначительный: [negative]
незрелый: [negative]
неидеальный: [negative]
неизвестный: [negative]
неинтересный: [negative]
неискушенный: [negative]
неказистый: [negative]
некомпетентный: [negative]
нелепый: [negative]
нелицеприятный: [negative]
неловкий: [negative]
нелогичный: [negative]
немногочисленный: [negative]
немой: [negative]
ненужный: [negative]
неоднозначный: [negative]
неоднократный: [negative]
неожиданный: [negative]
неопрятный: [negative]
неопытный: [negative]
неорганизованный: [negative]
неоригинальный: [negative]
неотесанный: [negative]
неотложный: [negative]
неотчетливый: [negative]
неохотный: [negative]
неподвижный: [negative]
непоколебимый: [negative]
непонятный: [negative]
непостижимый: [negative]
непохожий: [negative]
неправильный: [negative]
непретенциозный: [negative]
неприбранный: [negative]
неприветливый: [negative]
непривлекательный: [negative]
непривычный: [negative]
непримечательный: [negative]
непритязательный: [negative]
неприхотливый: [negative]
неприятный: [negative]
непростой: [negative]
непьяный: [negative]
нерадивый: [negative]
неразговорчивый: [negative]
нерасторопный: [negative]
нервный: [negative]
нерезкий: [negative]
неровный: [negative]
несвежий: [negative]
несговорчивый: [negative]
несимпатичный: [negative]
несложный: [negative]
несметный: [negative]
несовместимый: [negative]
несознательный: [negative]
неспелый: [negative]
неспешный: [negative]
несчатный: [negative]
несъедобный: [negative]
нетерпеливый: [negative]
неторопливый: [negative]
неуважительный: [negative]
неудивительный: [negative]
неудобный: [negative]
неудобоваримый: [negative]
неудовлетворительный: [negative]
неуклюжий: [negative]
неуловимый: [negative]
неулыбчивый: [negative]
неумелый: [negative]
неуместный: [negative]
неуютный: [negative]
никакой: [negative]
ничтожный: [negative]
новенький: [negative]
новомодный: [negative]
нудный: [negative]
нынешний: [negative]
обжигающий: [negative]
обидный: [negative]
обиженный: [negative]
обучаемый: [negative]
обшарпанный: [negative]
обыденный: [negative]
огорченный: [negative]
ограниченный: [negative]
одинаковый: [negative]
одинокий: [negative]
однообразный: [negative]
одноразовый: [negative]
однородный: [negative]
озабоченный: [negative]
остальной: [negative]
отвратительный: [negative]
отдаленный: [negative]
отрицательный: [negative]
отстраненный: [negative]
отъявленный: [negative]
пафосный: [negative]
пахучий: [negative]
переполненный: [negative]
печальный: [negative]
плохой: [negative]
плохонький: [negative]
подвявший: [negative]
подобострастный: [negative]
подобранный: [negative]
подозрительный: [negative]
половинный: [negative]
помпезный: [negative]
посредственный: [negative]
посторонний: [negative]
потертый: [negative]
похотливый: [negative]
пошапанный: [negative]
пошлый: [negative]
презрительный: [negative]
преисполненный: [negative]
пренебрежительный: [negative]
пресноватый: [negative]
претенциозный: [negative]
приближенный: [negative]
привередливый: [negative]
придирчивый: [negative]
пристальный: [negative]
пристрастный: [negative]
притворный: [negative]
приторный: [negative]
провальный: [negative]
продолжительный: [negative]
прожженный: [negative]
прожорливый: [negative]
промозглый: [negative]
простенький: [negative]
простецкий: [negative]
простой: [negative]
протертый: [negative]
противный: [negative]
проходной: [negative]
прочий: [negative]
прошеный: [negative]
прошлый: [negative]
прямой: [negative]
пугливый: [negative]
пустоватый: [negative]
пустой: [negative]
пустынный: [negative]
путаный: [negative]
пухленький: [negative]
пыльный: [negative]
пьяный: [negative]
равнодушный: [negative]
разборчивый: [negative]
размашистый: [negative]
разухабистый: [negative]
рассеянный: [negative]
рассеяный: [negative]
расслабленный: [negative]
расстроенный: [negative]
растаманский: [negative]
рваный: [negative]
редкий: [negative]
резиновый: [negative]
резкий: [negative]
ретивый: [negative]
робкий: [negative]
рутинный: [negative]
рябой: [negative]
самодостаточный: [negative]
самолюбивый: [negative]
сбивчивый: [negative]
сирый: [negative]
сиюминутный: [negative]
склонный: [negative]
скользкий: [negative]
скрипучий: [negative]
скромный: [negative]
скудный: [negative]
скуластый: [negative]
скучный: [negative]
слабый: [negative]
сморщенный: [negative]
сомнительный: [negative]
сочиненный: [negative]
спертый: [negative]
специфический: [negative]
специфичный: [negative]
среднестатистический: [negative]
старомодный: [negative]
странноватый: [negative]
странный: [negative]
страшный: [negative]
сумбурный: [negative]
сумеречный: [negative]
сумрачный: [negative]
суровый: [negative]
суховатый: [negative]
сыроватый: [negative]
сырой: [negative]
сякой: [negative]
табачный: [negative]
тарелочный: [negative]
твердокаменный: [negative]
тернистый: [negative]
тесный: [negative]
тлетворный: [negative]
толстенький: [negative]
толстоватый: [negative]
томный: [negative]
тонковатый: [negative]
тормозной: [negative]
тощий: [negative]
трепетный: [negative]
трудный: [negative]
трудоемкий: [negative]
туговатый: [negative]
тугой: [negative]
тупой: [negative]
тягучий: [negative]
тяжеловатый: [negative]
тяжелый: [negative]
убитый: [negative]
убогий: [negative]
угловатый: [negative]
угрюмый: [negative]
ужасный: [negative]
унылый: [negative]
упертый: [negative]
упитанный: [negative]
управляющий: [negative]
утилитарный: [negative]
фамильярный: [negative]
формальный: [negative]
фэйковый: [negative]
хамоватый: [negative]
хамовитый: [negative]
хамский: [negative]
хваленый: [negative]
хитрый: [negative]
хлипкий: [negative]
хлопотный: [negative]
хрупкий: [negative]
худенький: [negative]
худой: [negative]
церемонный: [negative]
чопорный: [negative]
чревоугодный: [negative]
чрезмерный: [negative]
чудесатый: [negative]
чудной: [negative]
чуждый: [negative]
щемящий: [negative]
ядовитый: [negative]
ядреный: [negative]
деструктивный: [negative]
самоуверенный: [negative]
самодовольный: [negative]
карточка: [negative]
банк: [negative]
долго: [negative]
принимать: [negative]
медлительный: [negative]
долго: [negative]
обязываться: [negative]
минута: [negative]
усталый: [negative]
управляющий: [negative]
медлительный: [negative]
расхлябанность: [negative]
минута: [negative]
только: [negative]
получас: [negative]
уронить: [negative]
пол: [negative]
прием: [negative]
небыстро: [negative]
отзыв: [negative]
полчаса: [negative]
экономить: [negative]
офицантка: [negative]
наличные: [negative]
проходить: [negative]
надменный: [negative]
приносить: [negative]
уголь: [negative]
дождаться: [negative]
никто: [negative]
неисполнительность: [negative]
никакой: [negative]
подзывать: [negative]
оставлять: [negative]
весьма: [negative]
одновременно: [negative]
игнор: [negative]
пытаться: [negative]
нести: [negative]
приносить: [negative]
молодой: [negative]
повар: [negative]
долго: [negative]
хамоватый: [negative]
получать: [negative]
сходить сам: [negative]
путать: [negative]
пепельница: [negative]
назойливый: [negative]
посадить: [negative]
уронить: [negative]
грязный: [negative]
неслышать: [negative]
замена: [negative]
нужно: [negative]
сдача: [negative]
отношение: [negative]
конец: [negative]
чаевые: [negative]
отношение: [negative]
забывать: [negative]
забыть: [negative]
забывчивость: [negative]
отвечать: [negative]
редко: [negative]
занятый: [negative]
ждать: [negative]
забывать: [negative]
ожидание: [negative]
забывать: [negative]
чаевые: [negative]
перепутывать: [negative]
навязывание: [negative]
приносить: [negative]
вход: [negative]
час: [negative]
нужно: [negative]
долгий: [negative]
дождаться: [negative]
заказывать: [negative]
ничто: [negative]
выражение: [negative]
офицантка: [negative]
подолгу: [negative]
только: [negative]
ничто: [negative]
никто: [negative]
прождать: [negative]
отчужденность: [negative]
офицыанта: [negative]
приходиться: [negative]
заменять: [negative]
пробегать: [negative]
блин: [negative]
поработать: [negative]
пустой: [negative]
обычный: [negative]
отдельно: [negative]
находиться: [negative]
пересаживаться: [negative]
минутный: [negative]
дерзить: [negative]
наконец: [negative]
отказываться: [negative]
уходящий: [negative]
вслед: [negative]
договаривать: [negative]
напрягать: [negative]
хамство: [negative]
готовиться: [negative]
обсчитывать: [negative]
приходится: [negative]
хамски: [negative]
заканчиваться: [negative]
надоедать: [negative]
обслуживание: [negative]
сервис: [negative]
долго: [negative]
аншлаг: [negative]
вежливость: [negative]
забывать: [negative]
руководитель: [negative]
плед: [negative]
ждать напиток: [negative]
стоять: [negative]
неравномерно: [negative]
обслуга: [negative]
время: [negative]
приходиться: [negative]
просидеть: [negative]
исчезать: [negative]
исчезнувший: [negative]